// Jest Snapshot v1, https://goo.gl/fbAQLP

exports[`should render component 1`] = `
<div>
  <div
    bg="white"
    boxshadow="0 0.5em 1em -0.125em rgb(10 10 10 / 10%), 0 0px 0 1px rgb(10 10 10 / 2%)"
    class="sc-bdnyFh sc-dlniIP iaFBTH ffhxQx"
    p="3"
  >
    My card
  </div>
</div>
`;
